Traceback (most recent call last):
  File "E:\pro\LegalChatbot\test_rating_system.py", line 15, in <module>
    from app_with_db import app
  File "E:\pro\LegalChatbot\app_with_db.py", line 256, in <module>
    app = create_app()
  File "E:\pro\LegalChatbot\app_with_db.py", line 139, in create_app
    print("\u2705 Rate limiting enabled")
  File "C:\Users\Sanket\AppData\Local\Programs\Python\Python310\lib\encodings\cp1252.py", line 19, in encode
    return codecs.charmap_encode(input,self.errors,encoding_table)[0]
UnicodeEncodeError: 'charmap' codec can't encode character '\u2705' in position 0: character maps to <undefined>
